Start testing: Oct 01 14:26 EDT
----------------------------------------------------------
1/28 Testing: cpu_guest
1/28 Test: cpu_guest
Command: "<source>/build/cpu-asan/experiments/cpu/cpu_guest"
Directory: <source>/build/cpu-asan/experiments/cpu
"cpu_guest" start time: Oct 01 14:26 EDT
Output:
----------------------------------------------------------
<source>/tests/cpu/test_guest.c:52:guest_adds_and_stores:PASS
<source>/tests/cpu/test_guest.c:53:zero_is_noop:PASS
<source>/tests/cpu/test_guest.c:53:bad_address_survives:PASS
<source>/tests/cpu/test_guest.c:53:reset_fault_survives:PASS

-----------------------
4 Tests 0 Failures 0 Ignored 
OK
<end of output>
Test time =   0.17 sec
----------------------------------------------------------
Test Passed.
"cpu_guest" end time: Oct 01 14:26 EDT
"cpu_guest" time elapsed: 00:00:00
----------------------------------------------------------

2/28 Testing: cpu_isolation
2/28 Test: cpu_isolation
Command: "<source>/build/cpu-asan/experiments/cpu/cpu_isolation"
Directory: <source>/build/cpu-asan/experiments/cpu
"cpu_isolation" start time: Oct 01 14:26 EDT
Output:
----------------------------------------------------------
<source>/tests/cpu/test_isolation.c:50:reset_registers_are_observable:PASS
instance=0 allocations=1 bytes=853112 create_ns=10820000 boundaries=9
instance=1 allocations=1 bytes=853112 create_ns=12003000 boundaries=9
<source>/tests/cpu/test_isolation.c:50:distinct_baselines:PASS
<source>/tests/cpu/test_isolation.c:50:owner_comparison:PASS
interleavings=64 concurrent_pairs=64 boundaries_per_instance=9 trace_overflows=0
<source>/tests/cpu/test_isolation.c:51:interleaved_and_concurrent:PASS

-----------------------
4 Tests 0 Failures 0 Ignored 
OK
<end of output>
Test time =   2.60 sec
----------------------------------------------------------
Test Passed.
"cpu_isolation" end time: Oct 01 14:26 EDT
"cpu_isolation" time elapsed: 00:00:02
----------------------------------------------------------

3/28 Testing: cpu_faults
3/28 Test: cpu_faults
Command: "<source>/build/cpu-asan/experiments/cpu/cpu_faults"
Directory: <source>/build/cpu-asan/experiments/cpu
"cpu_faults" start time: Oct 01 14:26 EDT
Output:
----------------------------------------------------------
<source>/tests/cpu/test_faults.c:65:terminal_fault_rejects_inspection:PASS
construction_allocations=1 failed_positions=1 leaked_allocations=0
<source>/tests/cpu/test_faults.c:66:allocations_and_witness:PASS
fault_case=0
fault_case=1
fault_case=2
fault_case=3
fault_case=4
fault_case=5
fault_case=6
fault_cases=7 healthy_witnesses=7 terminal_reuse_rejected=7
<source>/tests/cpu/test_faults.c:66:faults_preserve_witness:PASS
<source>/tests/cpu/test_faults.c:66:invalid_requests:PASS

-----------------------
4 Tests 0 Failures 0 Ignored 
OK
<end of output>
Test time =   0.35 sec
----------------------------------------------------------
Test Passed.
"cpu_faults" end time: Oct 01 14:26 EDT
"cpu_faults" time elapsed: 00:00:00
----------------------------------------------------------

4/28 Testing: cpu_timing
4/28 Test: cpu_timing
Command: "<source>/build/cpu-asan/experiments/cpu/cpu_timing"
Directory: <source>/build/cpu-asan/experiments/cpu
"cpu_timing" start time: Oct 01 14:26 EDT
Output:
----------------------------------------------------------
<source>/tests/cpu/test_timing.c:110:request_rejected:PASS
<source>/tests/cpu/test_timing.c:110:reset_debit:PASS
<source>/tests/cpu/test_timing.c:111:reset_clears_pending_nmi:PASS
<source>/tests/cpu/test_timing.c:111:budgets_and_partitions:PASS
<source>/tests/cpu/test_timing.c:111:instruction_budgets:PASS
<source>/tests/cpu/test_timing.c:112:exceptions:PASS
<source>/tests/cpu/test_timing.c:112:irq_and_stop:PASS
<source>/tests/cpu/test_timing.c:112:address_error:PASS

-----------------------
8 Tests 0 Failures 0 Ignored 
OK
<end of output>
Test time =   0.39 sec
----------------------------------------------------------
Test Passed.
"cpu_timing" end time: Oct 01 14:26 EDT
"cpu_timing" time elapsed: 00:00:00
----------------------------------------------------------

5/28 Testing: cpu_state
5/28 Test: cpu_state
Command: "<source>/build/cpu-asan/experiments/cpu/cpu_state"
Directory: <source>/build/cpu-asan/experiments/cpu
"cpu_state" start time: Oct 01 14:26 EDT
Output:
----------------------------------------------------------
<source>/tests/cpu/test_state.c:150:complete_state_available:PASS
<source>/tests/cpu/test_state.c:150:fresh_destination_continuation:PASS
<source>/tests/cpu/test_state.c:151:malformed_atomicity:PASS
<source>/tests/cpu/test_state.c:151:consequential_mutation:PASS
<source>/tests/cpu/test_state.c:151:lifecycle:PASS
<source>/tests/cpu/test_state.c:151:zero_near_counter_limit:PASS

-----------------------
6 Tests 0 Failures 0 Ignored 
OK
<end of output>
Test time =   0.98 sec
----------------------------------------------------------
Test Passed.
"cpu_state" end time: Oct 01 14:26 EDT
"cpu_state" time elapsed: 00:00:00
----------------------------------------------------------

6/28 Testing: cpu_state_negative
6/28 Test: cpu_state_negative
Command: "<python>" "<source>/tests/cpu/state_negative.py" "<source>/build/cpu-asan/experiments/cpu/cpu_state"
Directory: <source>/build/cpu-asan/experiments/cpu
"cpu_state_negative" start time: Oct 01 14:26 EDT
Output:
----------------------------------------------------------
--mutate-pending: intended consequential assertion failed
--mutate-prefetch: intended consequential assertion failed
<end of output>
Test time =   0.32 sec
----------------------------------------------------------
Test Passed.
"cpu_state_negative" end time: Oct 01 14:26 EDT
"cpu_state_negative" time elapsed: 00:00:00
----------------------------------------------------------

8/28 Testing: cpu_isolation_negative
8/28 Test: cpu_isolation_negative
Command: "<python>" "<source>/tests/cpu/isolation_negative.py" "<source>/build/cpu-asan/experiments/cpu/cpu_isolation"
Directory: <source>/build/cpu-asan/experiments/cpu
"cpu_isolation_negative" start time: Oct 01 14:26 EDT
Output:
----------------------------------------------------------
PASS: swapped baseline rejected by boundary ownership comparison
<end of output>
Test time =   0.22 sec
----------------------------------------------------------
Test Passed.
"cpu_isolation_negative" end time: Oct 01 14:26 EDT
"cpu_isolation_negative" time elapsed: 00:00:00
----------------------------------------------------------

25/28 Testing: cpu_guest_negative
25/28 Test: cpu_guest_negative
Command: "<python>" "<source>/tests/cpu/negative.py" "<source>/build/cpu-asan/experiments/cpu/cpu_guest"
Directory: <source>/build/cpu-asan/experiments/cpu
"cpu_guest_negative" start time: Oct 01 14:26 EDT
Output:
----------------------------------------------------------
PASS: executed operand mutation failed the arithmetic/store assertion
<end of output>
Test time =   0.19 sec
----------------------------------------------------------
Test Passed.
"cpu_guest_negative" end time: Oct 01 14:26 EDT
"cpu_guest_negative" time elapsed: 00:00:00
----------------------------------------------------------

End testing: Oct 01 14:26 EDT

cpu =   5.23 sec*proc

cpu-fast =   2.06 sec*proc

